c:\users\atasu\desktop\makemyengine\build\makemyengine.dir\debug\vc143.pdb
c:\users\atasu\desktop\makemyengine\build\makemyengine.dir\debug\tilemap.obj
c:\users\atasu\desktop\makemyengine\build\makemyengine.dir\debug\orthocameracontroller.obj
c:\users\atasu\desktop\makemyengine\build\makemyengine.dir\debug\orthocamera.obj
c:\users\atasu\desktop\makemyengine\build\makemyengine.dir\debug\assetmanager.obj
c:\users\atasu\desktop\makemyengine\build\makemyengine.dir\debug\main.obj
c:\users\atasu\desktop\makemyengine\build\makemyengine.dir\debug\renderer2d.obj
c:\users\atasu\desktop\makemyengine\build\makemyengine.dir\debug\input.obj
c:\users\atasu\desktop\makemyengine\build\makemyengine.dir\debug\ui.obj
c:\users\atasu\desktop\makemyengine\build\makemyengine.dir\debug\config.obj
c:\users\atasu\desktop\makemyengine\build\makemyengine.dir\debug\spritecomponent.obj
c:\users\atasu\desktop\makemyengine\build\makemyengine.dir\debug\entity.obj
c:\users\atasu\desktop\makemyengine\build\makemyengine.dir\debug\scene.obj
c:\users\atasu\desktop\makemyengine\build\makemyengine.dir\debug\ballcomponent.obj
c:\users\atasu\desktop\makemyengine\build\makemyengine.dir\debug\velocitycomponent.obj
c:\users\atasu\desktop\makemyengine\build\makemyengine.dir\debug\gamescene.obj
c:\users\atasu\desktop\makemyengine\build\makemyengine.dir\debug\aabbcollider.obj
c:\users\atasu\desktop\makemyengine\build\makemyengine.dir\debug\paddlecontroller.obj
c:\users\atasu\desktop\makemyengine\build\cmakefiles\generate.stamp
c:\users\atasu\desktop\makemyengine\build\debug\makemyengine.exe
c:\users\atasu\desktop\makemyengine\build\makemyengine.dir\debug\makemyengine.ilk
c:\users\atasu\desktop\makemyengine\build\debug\makemyengine.pdb
c:\users\atasu\desktop\makemyengine\build\makemyengine.dir\debug\makemyengine.tlog\cl.command.1.tlog
c:\users\atasu\desktop\makemyengine\build\makemyengine.dir\debug\makemyengine.tlog\cl.read.1.tlog
c:\users\atasu\desktop\makemyengine\build\makemyengine.dir\debug\makemyengine.tlog\cl.write.1.tlog
c:\users\atasu\desktop\makemyengine\build\makemyengine.dir\debug\makemyengine.tlog\custombuild.command.1.tlog
c:\users\atasu\desktop\makemyengine\build\makemyengine.dir\debug\makemyengine.tlog\custombuild.read.1.tlog
c:\users\atasu\desktop\makemyengine\build\makemyengine.dir\debug\makemyengine.tlog\custombuild.write.1.tlog
c:\users\atasu\desktop\makemyengine\build\makemyengine.dir\debug\makemyengine.tlog\link.command.1.tlog
c:\users\atasu\desktop\makemyengine\build\makemyengine.dir\debug\makemyengine.tlog\link.read.1.tlog
c:\users\atasu\desktop\makemyengine\build\makemyengine.dir\debug\makemyengine.tlog\link.write.1.tlog
